// Jest Snapshot v1, https://goo.gl/fbAQLP

exports[`component renders correctly 1`] = `ShallowWrapper {}`;
